# Every route, and who it lets in. Regenerate with:
#   go test ./internal/api -run TestTheRouteTable -update
# yes = reached; 401 = not signed in; 403 = refused by a gate.
# A reseller reaches what they reach over their own customers alone.
POST   /api/auth/login                                Authentication auth=false operator=false | none=yes token=yes reseller=yes admin=yes owner=yes
GET    /api/meta                                      Authentication auth=false operator=false | none=yes token=yes reseller=yes admin=yes owner=yes
GET    /api/i18n/{locale}                             Authentication auth=false operator=false | none=yes token=yes reseller=yes admin=yes owner=yes
GET    /api/auth/me                                   Authentication auth=true  operator=true  | none=401 token=403 reseller=yes admin=yes owner=yes
PATCH  /api/auth/me                                   Authentication auth=true  operator=true  | none=401 token=403 reseller=yes admin=yes owner=yes
POST   /api/auth/password                             Authentication auth=true  operator=true  | none=401 token=403 reseller=yes admin=yes owner=yes
POST   /api/auth/totp/start                           Authentication auth=true  operator=true  | none=401 token=403 reseller=yes admin=yes owner=yes
POST   /api/auth/totp/confirm                         Authentication auth=true  operator=true  | none=401 token=403 reseller=yes admin=yes owner=yes
POST   /api/auth/totp/disable                         Authentication auth=true  operator=true  | none=401 token=403 reseller=yes admin=yes owner=yes
GET    /api/clients                                   Customers      auth=true  operator=false | none=401 token=yes reseller=yes admin=yes owner=yes
POST   /api/clients                                   Customers      auth=true  operator=false | none=401 token=yes reseller=yes admin=yes owner=yes
GET    /api/clients/{id}                              Customers      auth=true  operator=false | none=401 token=yes reseller=yes admin=yes owner=yes
PATCH  /api/clients/{id}                              Customers      auth=true  operator=false | none=401 token=yes reseller=yes admin=yes owner=yes
DELETE /api/clients/{id}                              Customers      auth=true  operator=false | none=401 token=yes reseller=yes admin=yes owner=yes
POST   /api/clients/{id}/devices                      Customers      auth=true  operator=false | none=401 token=yes reseller=yes admin=yes owner=yes
POST   /api/clients/{id}/rotate-keys                  Customers      auth=true  operator=false | none=401 token=yes reseller=yes admin=yes owner=yes
POST   /api/clients/{id}/reset                        Customers      auth=true  operator=false | none=401 token=yes reseller=yes admin=yes owner=yes
GET    /api/clients/{id}/configs                      Customers      auth=true  operator=false | none=401 token=yes reseller=yes admin=yes owner=yes
POST   /api/clients/bulk                              Customers      auth=true  operator=false | none=401 token=yes reseller=yes admin=yes owner=yes
POST   /api/clients/servers/attach                    Clients        auth=true  operator=false | none=401 token=yes reseller=yes admin=yes owner=yes
POST   /api/clients/servers/detach                    Clients        auth=true  operator=false | none=401 token=yes reseller=yes admin=yes owner=yes
POST   /api/clients/adjust                            Customers      auth=true  operator=false | none=401 token=yes reseller=yes admin=yes owner=yes
POST   /api/clients/extend                            Customers      auth=true  operator=false | none=401 token=yes reseller=yes admin=yes owner=yes
GET    /api/clients/ids                               Customers      auth=true  operator=false | none=401 token=yes reseller=yes admin=yes owner=yes
POST   /api/clients/reset-all                         Customers      auth=true  operator=false | none=401 token=yes reseller=yes admin=yes owner=yes
POST   /api/clients/purge                             Customers      auth=true  operator=false | none=401 token=yes reseller=yes admin=yes owner=yes
POST   /api/clients/batch                             Customers      auth=true  operator=false | none=401 token=yes reseller=yes admin=yes owner=yes
GET    /api/clients/export                            Customers      auth=true  operator=false | none=401 token=yes reseller=yes admin=yes owner=yes
POST   /api/clients/import                            Customers      auth=true  operator=false | none=401 token=yes reseller=yes admin=yes owner=yes
GET    /api/devices/{id}/profile                      Devices        auth=true  operator=false | none=401 token=yes reseller=yes admin=yes owner=yes
GET    /api/devices/{id}/profiles                     Devices        auth=true  operator=false | none=401 token=yes reseller=yes admin=yes owner=yes
DELETE /api/devices/{id}                              Devices        auth=true  operator=false | none=401 token=yes reseller=yes admin=yes owner=yes
POST   /api/node/sync                                 Nodes          auth=true  operator=false | none=401 token=yes reseller=403 admin=403 owner=yes
POST   /api/node/usage                                Nodes          auth=true  operator=false | none=401 token=yes reseller=403 admin=403 owner=yes
POST   /api/node/sessions                             Nodes          auth=true  operator=false | none=401 token=yes reseller=403 admin=403 owner=yes
POST   /api/node/hold                                 Nodes          auth=true  operator=false | none=401 token=yes reseller=403 admin=403 owner=yes
GET    /api/interfaces                                Interfaces     auth=true  operator=false | none=401 token=yes reseller=yes admin=yes owner=yes
POST   /api/interfaces                                Interfaces     auth=true  operator=false | none=401 token=yes reseller=403 admin=403 owner=yes
PATCH  /api/interfaces/{id}                           Interfaces     auth=true  operator=false | none=401 token=yes reseller=403 admin=403 owner=yes
GET    /api/interfaces/{id}/profile                   Interfaces     auth=true  operator=false | none=401 token=yes reseller=403 admin=403 owner=yes
POST   /api/interfaces/{id}/restart                   Interfaces     auth=true  operator=false | none=401 token=yes reseller=403 admin=403 owner=yes
DELETE /api/interfaces/{id}                           Interfaces     auth=true  operator=false | none=401 token=yes reseller=403 admin=403 owner=yes
GET    /api/groups                                    Groups         auth=true  operator=false | none=401 token=yes reseller=yes admin=yes owner=yes
GET    /api/groups/names                              Groups         auth=true  operator=false | none=401 token=yes reseller=yes admin=yes owner=yes
POST   /api/groups                                    Groups         auth=true  operator=false | none=401 token=yes reseller=yes admin=yes owner=yes
POST   /api/groups/delete                             Groups         auth=true  operator=false | none=401 token=yes reseller=yes admin=yes owner=yes
POST   /api/groups/rename                             Groups         auth=true  operator=false | none=401 token=yes reseller=yes admin=yes owner=yes
POST   /api/groups/assign                             Groups         auth=true  operator=false | none=401 token=yes reseller=yes admin=yes owner=yes
POST   /api/groups/action                             Groups         auth=true  operator=false | none=401 token=yes reseller=yes admin=yes owner=yes
GET    /api/outbounds                                 Outbounds      auth=true  operator=false | none=401 token=yes reseller=403 admin=403 owner=yes
POST   /api/outbounds                                 Outbounds      auth=true  operator=false | none=401 token=yes reseller=403 admin=403 owner=yes
PATCH  /api/outbounds/{id}                            Outbounds      auth=true  operator=false | none=401 token=yes reseller=403 admin=403 owner=yes
DELETE /api/outbounds/{id}                            Outbounds      auth=true  operator=false | none=401 token=yes reseller=403 admin=403 owner=yes
POST   /api/outbounds/order                           Outbounds      auth=true  operator=false | none=401 token=yes reseller=403 admin=403 owner=yes
POST   /api/outbounds/{id}/check                      Outbounds      auth=true  operator=false | none=401 token=yes reseller=403 admin=403 owner=yes
POST   /api/outbounds/check                           Outbounds      auth=true  operator=false | none=401 token=yes reseller=403 admin=403 owner=yes
POST   /api/outbounds/{id}/reset                      Outbounds      auth=true  operator=false | none=401 token=yes reseller=403 admin=403 owner=yes
POST   /api/outbounds/reset                           Outbounds      auth=true  operator=false | none=401 token=yes reseller=403 admin=403 owner=yes
POST   /api/routing/apply                             Outbounds      auth=true  operator=false | none=401 token=yes reseller=403 admin=403 owner=yes
POST   /api/outbounds/parse                           Outbounds      auth=true  operator=false | none=401 token=yes reseller=403 admin=403 owner=yes
GET    /api/outbounds/{id}/config                     Outbounds      auth=true  operator=false | none=401 token=yes reseller=403 admin=403 owner=yes
POST   /api/wgkey                                     Outbounds      auth=true  operator=false | none=401 token=yes reseller=403 admin=403 owner=yes
GET    /api/outbound-subs                             Outbounds      auth=true  operator=false | none=401 token=yes reseller=403 admin=403 owner=yes
POST   /api/outbound-subs                             Outbounds      auth=true  operator=false | none=401 token=yes reseller=403 admin=403 owner=yes
PATCH  /api/outbound-subs/{id}                        Outbounds      auth=true  operator=false | none=401 token=yes reseller=403 admin=403 owner=yes
DELETE /api/outbound-subs/{id}                        Outbounds      auth=true  operator=false | none=401 token=yes reseller=403 admin=403 owner=yes
POST   /api/outbound-subs/order                       Outbounds      auth=true  operator=false | none=401 token=yes reseller=403 admin=403 owner=yes
POST   /api/outbound-subs/preview                     Outbounds      auth=true  operator=false | none=401 token=yes reseller=403 admin=403 owner=yes
POST   /api/outbound-subs/{id}/refresh                Outbounds      auth=true  operator=false | none=401 token=yes reseller=403 admin=403 owner=yes
POST   /api/outbound-subs/refresh                     Outbounds      auth=true  operator=false | none=401 token=yes reseller=403 admin=403 owner=yes
GET    /api/providers/warp                            Outbounds      auth=true  operator=false | none=401 token=yes reseller=403 admin=403 owner=yes
POST   /api/providers/warp/register                   Outbounds      auth=true  operator=false | none=401 token=yes reseller=403 admin=403 owner=yes
POST   /api/providers/warp/license                    Outbounds      auth=true  operator=false | none=401 token=yes reseller=403 admin=403 owner=yes
POST   /api/providers/warp/change-ip                  Outbounds      auth=true  operator=false | none=401 token=yes reseller=403 admin=403 owner=yes
POST   /api/providers/warp/outbound                   Outbounds      auth=true  operator=false | none=401 token=yes reseller=403 admin=403 owner=yes
DELETE /api/providers/warp                            Outbounds      auth=true  operator=false | none=401 token=yes reseller=403 admin=403 owner=yes
GET    /api/providers/nord                            Outbounds      auth=true  operator=false | none=401 token=yes reseller=403 admin=403 owner=yes
POST   /api/providers/nord/login                      Outbounds      auth=true  operator=false | none=401 token=yes reseller=403 admin=403 owner=yes
POST   /api/providers/nord/key                        Outbounds      auth=true  operator=false | none=401 token=yes reseller=403 admin=403 owner=yes
POST   /api/providers/nord/countries                  Outbounds      auth=true  operator=false | none=401 token=yes reseller=403 admin=403 owner=yes
POST   /api/providers/nord/servers                    Outbounds      auth=true  operator=false | none=401 token=yes reseller=403 admin=403 owner=yes
POST   /api/providers/nord/outbound                   Outbounds      auth=true  operator=false | none=401 token=yes reseller=403 admin=403 owner=yes
DELETE /api/providers/nord                            Outbounds      auth=true  operator=false | none=401 token=yes reseller=403 admin=403 owner=yes
GET    /api/providers/pia                             Outbounds      auth=true  operator=false | none=401 token=yes reseller=403 admin=403 owner=yes
POST   /api/providers/pia/login                       Outbounds      auth=true  operator=false | none=401 token=yes reseller=403 admin=403 owner=yes
POST   /api/providers/pia/regions                     Outbounds      auth=true  operator=false | none=401 token=yes reseller=403 admin=403 owner=yes
POST   /api/providers/pia/outbound                    Outbounds      auth=true  operator=false | none=401 token=yes reseller=403 admin=403 owner=yes
DELETE /api/providers/pia                             Outbounds      auth=true  operator=false | none=401 token=yes reseller=403 admin=403 owner=yes
GET    /api/engine                                    Engine         auth=true  operator=false | none=401 token=yes reseller=403 admin=403 owner=yes
PUT    /api/engine                                    Engine         auth=true  operator=false | none=401 token=yes reseller=403 admin=403 owner=yes
POST   /api/engine/reset                              Engine         auth=true  operator=false | none=401 token=yes reseller=403 admin=403 owner=yes
GET    /api/template                                  Engine         auth=true  operator=true  | none=401 token=403 reseller=403 admin=403 owner=yes
PUT    /api/template                                  Engine         auth=true  operator=true  | none=401 token=403 reseller=403 admin=403 owner=yes
GET    /api/routing                                   Routing        auth=true  operator=false | none=401 token=yes reseller=403 admin=403 owner=yes
PUT    /api/routing                                   Routing        auth=true  operator=false | none=401 token=yes reseller=403 admin=403 owner=yes
POST   /api/routing/rules                             Routing        auth=true  operator=false | none=401 token=yes reseller=403 admin=403 owner=yes
PATCH  /api/routing/rules/{id}                        Routing        auth=true  operator=false | none=401 token=yes reseller=403 admin=403 owner=yes
DELETE /api/routing/rules/{id}                        Routing        auth=true  operator=false | none=401 token=yes reseller=403 admin=403 owner=yes
POST   /api/routing/rules/order                       Routing        auth=true  operator=false | none=401 token=yes reseller=403 admin=403 owner=yes
GET    /api/balancers                                 Routing        auth=true  operator=false | none=401 token=yes reseller=403 admin=403 owner=yes
POST   /api/balancers                                 Routing        auth=true  operator=false | none=401 token=yes reseller=403 admin=403 owner=yes
PATCH  /api/balancers/{id}                            Routing        auth=true  operator=false | none=401 token=yes reseller=403 admin=403 owner=yes
DELETE /api/balancers/{id}                            Routing        auth=true  operator=false | none=401 token=yes reseller=403 admin=403 owner=yes
POST   /api/balancers/{id}/override                   Routing        auth=true  operator=false | none=401 token=yes reseller=403 admin=403 owner=yes
POST   /api/routing/test                              Routing        auth=true  operator=false | none=401 token=yes reseller=403 admin=403 owner=yes
GET    /api/hosts                                     Hosts          auth=true  operator=false | none=401 token=yes reseller=403 admin=403 owner=yes
POST   /api/hosts                                     Hosts          auth=true  operator=false | none=401 token=yes reseller=403 admin=403 owner=yes
PATCH  /api/hosts/{id}                                Hosts          auth=true  operator=false | none=401 token=yes reseller=403 admin=403 owner=yes
DELETE /api/hosts/{id}                                Hosts          auth=true  operator=false | none=401 token=yes reseller=403 admin=403 owner=yes
POST   /api/hosts/{id}/check                          Hosts          auth=true  operator=false | none=401 token=yes reseller=403 admin=403 owner=yes
GET    /api/hosts/groups                              Hosts          auth=true  operator=false | none=401 token=yes reseller=403 admin=403 owner=yes
POST   /api/hosts/groups                              Hosts          auth=true  operator=false | none=401 token=yes reseller=403 admin=403 owner=yes
PUT    /api/hosts/groups/{gid}                        Hosts          auth=true  operator=false | none=401 token=yes reseller=403 admin=403 owner=yes
DELETE /api/hosts/groups/{gid}                        Hosts          auth=true  operator=false | none=401 token=yes reseller=403 admin=403 owner=yes
POST   /api/hosts/groups/bulk                         Hosts          auth=true  operator=false | none=401 token=yes reseller=403 admin=403 owner=yes
POST   /api/hosts/groups/reorder                      Hosts          auth=true  operator=false | none=401 token=yes reseller=403 admin=403 owner=yes
GET    /api/hosts/tags                                Hosts          auth=true  operator=false | none=401 token=yes reseller=403 admin=403 owner=yes
GET    /api/security/warnings                         Server         auth=true  operator=false | none=401 token=yes reseller=403 admin=403 owner=yes
GET    /api/subscription                              Subscriptions  auth=true  operator=false | none=401 token=yes reseller=403 admin=403 owner=yes
PUT    /api/subscription                              Subscriptions  auth=true  operator=false | none=401 token=yes reseller=403 admin=403 owner=yes
POST   /api/subscription/preview                      Subscriptions  auth=true  operator=false | none=401 token=yes reseller=403 admin=403 owner=yes
GET    /api/clients/{id}/subscription                 Subscriptions  auth=true  operator=false | none=401 token=yes reseller=yes admin=yes owner=yes
POST   /api/clients/{id}/subscription/rotate          Subscriptions  auth=true  operator=false | none=401 token=yes reseller=yes admin=yes owner=yes
GET    /api/nodes                                     Nodes          auth=true  operator=false | none=401 token=yes reseller=403 admin=403 owner=yes
POST   /api/nodes                                     Nodes          auth=true  operator=true  | none=401 token=403 reseller=403 admin=403 owner=yes
PATCH  /api/nodes/{id}                                Nodes          auth=true  operator=true  | none=401 token=403 reseller=403 admin=403 owner=yes
DELETE /api/nodes/{id}                                Nodes          auth=true  operator=true  | none=401 token=403 reseller=403 admin=403 owner=yes
POST   /api/nodes/{id}/probe                          Nodes          auth=true  operator=false | none=401 token=yes reseller=403 admin=403 owner=yes
GET    /api/tokens                                    Nodes          auth=true  operator=true  | none=401 token=403 reseller=403 admin=403 owner=yes
POST   /api/tokens                                    Nodes          auth=true  operator=true  | none=401 token=403 reseller=403 admin=403 owner=yes
DELETE /api/tokens/{id}                               Nodes          auth=true  operator=true  | none=401 token=403 reseller=403 admin=403 owner=yes
PATCH  /api/tokens/{id}                               Nodes          auth=true  operator=true  | none=401 token=403 reseller=403 admin=403 owner=yes
GET    /api/overview                                  Server         auth=true  operator=false | none=401 token=yes reseller=yes admin=yes owner=yes
GET    /api/overview/full                             Server         auth=true  operator=false | none=401 token=yes reseller=403 admin=403 owner=yes
GET    /api/system                                    Server         auth=true  operator=false | none=401 token=yes reseller=403 admin=403 owner=yes
GET    /api/configs                                   Server         auth=true  operator=false | none=401 token=yes reseller=403 admin=403 owner=yes
GET    /api/logs                                      Server         auth=true  operator=false | none=401 token=yes reseller=403 admin=403 owner=yes
GET    /api/sharing                                   Server         auth=true  operator=false | none=401 token=yes reseller=403 admin=403 owner=yes
GET    /api/settings                                  Settings       auth=true  operator=false | none=401 token=yes reseller=yes admin=yes owner=yes
PUT    /api/settings                                  Settings       auth=true  operator=true  | none=401 token=403 reseller=403 admin=403 owner=yes
POST   /api/panel/restart                             Settings       auth=true  operator=true  | none=401 token=403 reseller=403 admin=403 owner=yes
POST   /api/settings/notify/test                      Settings       auth=true  operator=false | none=401 token=yes reseller=403 admin=403 owner=yes
POST   /api/settings/mail/test                        Settings       auth=true  operator=false | none=401 token=yes reseller=403 admin=403 owner=yes
GET    /api/system/history                            Server         auth=true  operator=false | none=401 token=yes reseller=403 admin=403 owner=yes
POST   /api/tunnels/restart                           Server         auth=true  operator=false | none=401 token=yes reseller=403 admin=403 owner=yes
POST   /api/tunnels/stop                              Server         auth=true  operator=false | none=401 token=yes reseller=403 admin=403 owner=yes
POST   /api/tunnels/start                             Server         auth=true  operator=false | none=401 token=yes reseller=403 admin=403 owner=yes
POST   /api/interfaces/{id}/reset-usage               Interfaces     auth=true  operator=false | none=401 token=yes reseller=403 admin=403 owner=yes
POST   /api/interfaces/{id}/clear                     Interfaces     auth=true  operator=false | none=401 token=yes reseller=403 admin=403 owner=yes
POST   /api/hosts/bulk                                Hosts          auth=true  operator=false | none=401 token=yes reseller=403 admin=403 owner=yes
POST   /api/hosts/reorder                             Hosts          auth=true  operator=false | none=401 token=yes reseller=403 admin=403 owner=yes
POST   /api/interfaces/{id}/clone                     Interfaces     auth=true  operator=false | none=401 token=yes reseller=403 admin=403 owner=yes
GET    /api/system/update                             Server         auth=true  operator=false | none=401 token=yes reseller=403 admin=403 owner=yes
POST   /api/system/update                             Server         auth=true  operator=false | none=401 token=yes reseller=403 admin=403 owner=yes
GET    /api/system/update/progress                    Server         auth=true  operator=false | none=401 token=yes reseller=403 admin=403 owner=yes
POST   /api/nodes/{id}/update                         Nodes          auth=true  operator=false | none=401 token=yes reseller=403 admin=403 owner=yes
GET    /api/nodes/mtls/authority                      Nodes          auth=true  operator=false | none=401 token=yes reseller=403 admin=403 owner=yes
POST   /api/nodes/mtls/trust                          Nodes          auth=true  operator=true  | none=401 token=403 reseller=403 admin=403 owner=yes
POST   /api/nodes/fetch-pin                           Nodes          auth=true  operator=false | none=401 token=yes reseller=403 admin=403 owner=yes
GET    /api/admins                                    Operators      auth=true  operator=true  | none=401 token=403 reseller=403 admin=403 owner=yes
POST   /api/admins                                    Operators      auth=true  operator=true  | none=401 token=403 reseller=403 admin=403 owner=yes
GET    /api/admins/{id}                               Operators      auth=true  operator=true  | none=401 token=403 reseller=403 admin=403 owner=yes
PATCH  /api/admins/{id}                               Operators      auth=true  operator=true  | none=401 token=403 reseller=403 admin=403 owner=yes
DELETE /api/admins/{id}                               Operators      auth=true  operator=true  | none=401 token=403 reseller=403 admin=403 owner=yes
POST   /api/admins/bulk                               Operators      auth=true  operator=true  | none=401 token=403 reseller=403 admin=403 owner=yes
POST   /api/admins/{id}/reset-usage                   Operators      auth=true  operator=true  | none=401 token=403 reseller=403 admin=403 owner=yes
GET    /api/backups                                   Settings       auth=true  operator=true  | none=401 token=403 reseller=403 admin=403 owner=yes
POST   /api/backups                                   Settings       auth=true  operator=true  | none=401 token=403 reseller=403 admin=403 owner=yes
GET    /api/backups/{name}                            Settings       auth=true  operator=true  | none=401 token=403 reseller=403 admin=403 owner=yes
DELETE /api/backups/{name}                            Settings       auth=true  operator=true  | none=401 token=403 reseller=403 admin=403 owner=yes
POST   /api/backups/upload                            Settings       auth=true  operator=true  | none=401 token=403 reseller=403 admin=403 owner=yes
POST   /api/backups/{name}/restore                    Settings       auth=true  operator=true  | none=401 token=403 reseller=403 admin=403 owner=yes
